******************************************************************************
                  TI ARM Linker Unix v20.2.7                   
******************************************************************************
>> Linked Sat Feb  4 23:54:34 2023

OUTPUT FILE NAME:   <LCD Bearbeitung.out>
ENTRY POINT SYMBOL: "_c_int00_noargs"  address: 00000429


MEMORY CONFIGURATION

         name            origin    length      used     unused   attr    fill
----------------------  --------  ---------  --------  --------  ----  --------
  FLASH                 00000000   00040000  000004a0  0003fb60  R  X
  SRAM                  20000000   00008000  00000204  00007dfc  RW X


SEGMENT ALLOCATION MAP

run origin  load origin   length   init length attrs members
----------  ----------- ---------- ----------- ----- -------
00000000    00000000    000004a4   000004a4    r-x
  00000000    00000000    0000026c   0000026c    r-- .intvecs
  0000026c    0000026c    00000220   00000220    r-x .text
  00000490    00000490    00000014   00000014    r-- .cinit
20000000    20000000    00000204   00000000    rw-
  20000000    20000000    00000200   00000000    rw- .stack
  20000200    20000200    00000004   00000000    rw- .bss


SECTION ALLOCATION MAP

 output                                  attributes/
section   page    origin      length       input sections
--------  ----  ----------  ----------   ----------------
.intvecs   0    00000000    0000026c     
                  00000000    0000026c     tm4c123gh6pge_startup_ccs.obj (.intvecs)

.text      0    0000026c    00000220     
                  0000026c    00000178     main.obj (.text)
                  000003e4    00000044     rtsv7M4_T_le_v4SPD16_eabi.lib : autoinit.c.obj (.text:__TI_auto_init_nobinit_nopinit:__TI_auto_init_nobinit_nopinit)
                  00000428    00000034                                   : boot_cortex_m.c.obj (.text:_c_int00_noargs:_c_int00_noargs)
                  0000045c    0000001c                                   : copy_zero_init.c.obj (.text:decompress:ZI:__TI_zero_init_nomemset:__TI_zero_init_nomemset)
                  00000478    0000000c     tm4c123gh6pge_startup_ccs.obj (.text)
                  00000484    00000004     rtsv7M4_T_le_v4SPD16_eabi.lib : pre_init.c.obj (.text:_system_pre_init)
                  00000488    00000004                                   : exit.c.obj (.text:abort:abort)

.cinit     0    00000490    00000014     
                  00000490    00000008     (.cinit..bss.load) [load image, compression = zero_init]
                  00000498    00000004     (__TI_handler_table)
                  0000049c    00000008     (__TI_cinit_table)

.init_array 
*          0    00000000    00000000     UNINITIALIZED

.bss       0    20000200    00000004     UNINITIALIZED
                  20000200    00000004     (.common:delay)

.stack     0    20000000    00000200     UNINITIALIZED
                  20000000    00000004     rtsv7M4_T_le_v4SPD16_eabi.lib : boot_cortex_m.c.obj (.stack)
                  20000004    000001fc     --HOLE--

__llvm_prf_cnts 
*          0    20000000    00000000     UNINITIALIZED

MODULE SUMMARY

       Module                          code   ro data   rw data
       ------                          ----   -------   -------
    ./
       tm4c123gh6pge_startup_ccs.obj   12     620       0      
       main.obj                        376    0         4      
    +--+-------------------------------+------+---------+---------+
       Total:                          388    620       4      
                                                               
    /home/kreisch/ti/ccs1210/ccs/tools/compiler/ti-cgt-arm_20.2.7.LTS/lib/rtsv7M4_T_le_v4SPD16_eabi.lib
       autoinit.c.obj                  68     0         0      
       boot_cortex_m.c.obj             52     0         0      
       copy_zero_init.c.obj            28     0         0      
       exit.c.obj                      4      0         0      
       pre_init.c.obj                  4      0         0      
    +--+-------------------------------+------+---------+---------+
       Total:                          156    0         0      
                                                               
       Stack:                          0      0         512    
       Linker Generated:               0      20        0      
    +--+-------------------------------+------+---------+---------+
       Grand Total:                    544    640       516    


LINKER GENERATED COPY TABLES

__TI_cinit_table @ 0000049c records: 1, size/record: 8, table size: 8
	.bss: load addr=00000490, load size=00000008 bytes, run addr=20000200, run size=00000004 bytes, compression=zero_init


LINKER GENERATED HANDLER TABLE

__TI_handler_table @ 00000498 records: 1, size/record: 4, table size: 4
	index: 0, handler: __TI_zero_init


GLOBAL SYMBOLS: SORTED ALPHABETICALLY BY Name 

address   name                          
-------   ----                          
00000341  Aufschiebung_ms               
00000383  Aufschiebung_us               
00000489  C$$EXIT                       
000002fd  LCD_CMD                       
000002cd  LCD_Datei_Schreib             
00000479  ResetISR                      
20000200  __STACK_END                   
00000200  __STACK_SIZE                  
20000200  __STACK_TOP                   
0000049c  __TI_CINIT_Base               
000004a4  __TI_CINIT_Limit              
00000498  __TI_Handler_Table_Base       
0000049c  __TI_Handler_Table_Limit      
000003e5  __TI_auto_init_nobinit_nopinit
ffffffff  __TI_pprof_out_hndl           
ffffffff  __TI_prof_data_size           
ffffffff  __TI_prof_data_start          
00000000  __TI_static_base__            
0000045d  __TI_zero_init_nomemset       
ffffffff  __binit__                     
ffffffff  __c_args__                    
UNDEFED   __mpu_init                    
20000000  __stack                       
20000000  __start___llvm_prf_cnts       
20000000  __stop___llvm_prf_cnts        
00000429  _c_int00_noargs               
UNDEFED   _system_post_cinit            
00000485  _system_pre_init              
00000489  abort                         
ffffffff  binit                         
20000200  delay                         
00000000  g_pfnVectors                  
0000026d  init                          
000003bd  main                          


GLOBAL SYMBOLS: SORTED BY Symbol Address 

address   name                          
-------   ----                          
00000000  __TI_static_base__            
00000000  g_pfnVectors                  
00000200  __STACK_SIZE                  
0000026d  init                          
000002cd  LCD_Datei_Schreib             
000002fd  LCD_CMD                       
00000341  Aufschiebung_ms               
00000383  Aufschiebung_us               
000003bd  main                          
000003e5  __TI_auto_init_nobinit_nopinit
00000429  _c_int00_noargs               
0000045d  __TI_zero_init_nomemset       
00000479  ResetISR                      
00000485  _system_pre_init              
00000489  C$$EXIT                       
00000489  abort                         
00000498  __TI_Handler_Table_Base       
0000049c  __TI_CINIT_Base               
0000049c  __TI_Handler_Table_Limit      
000004a4  __TI_CINIT_Limit              
20000000  __stack                       
20000000  __start___llvm_prf_cnts       
20000000  __stop___llvm_prf_cnts        
20000200  __STACK_END                   
20000200  __STACK_TOP                   
20000200  delay                         
ffffffff  __TI_pprof_out_hndl           
ffffffff  __TI_prof_data_size           
ffffffff  __TI_prof_data_start          
ffffffff  __binit__                     
ffffffff  __c_args__                    
ffffffff  binit                         
UNDEFED   __mpu_init                    
UNDEFED   _system_post_cinit            

[34 symbols]
